// Jest Snapshot v1, https://goo.gl/fbAQLP

exports[`POST /v1/schema should throw when no body is sent 1`] = `
"[
  {
    "code": "invalid_type",
    "expected": "string",
    "received": "undefined",
    "path": [
      "body",
      "schema"
    ],
    "message": "Required"
  }
]"
`;
